alpha
Inserted line
beta
Inserted block
Block line 1
Block line 2
charlie
